
> 14voices@0.1.0 build:vercel
> node scripts/generate-importmap.js && next build

✅ Generated importMap.js for build
   ▲ Next.js 15.3.4
   - Environments: .env.local
   - Experiments (use with caution):
     ⨯ reactCompiler

   Creating an optimized production build ...
 ✓ Compiled successfully in 13.0s
   Linting and checking validity of types ...

./src/app/api/voiceovers/route.ts
18:24  Warning: Unexpected any. Specify a different type.  @typescript-eslint/no-explicit-any

./src/components/layout/Footer.tsx
8:12  Warning: Unexpected any. Specify a different type.  @typescript-eslint/no-explicit-any
12:52  Warning: Unexpected any. Specify a different type.  @typescript-eslint/no-explicit-any
57:57  Warning: Unexpected any. Specify a different type.  @typescript-eslint/no-explicit-any
88:49  Warning: Unexpected any. Specify a different type.  @typescript-eslint/no-explicit-any
175:72  Warning: Unexpected any. Specify a different type.  @typescript-eslint/no-explicit-any
179:53  Warning: Unexpected any. Specify a different type.  @typescript-eslint/no-explicit-any
202:51  Warning: Unexpected any. Specify a different type.  @typescript-eslint/no-explicit-any
256:58  Warning: Unexpected any. Specify a different type.  @typescript-eslint/no-explicit-any
260:51  Warning: Unexpected any. Specify a different type.  @typescript-eslint/no-explicit-any
355:51  Warning: Unexpected any. Specify a different type.  @typescript-eslint/no-explicit-any

./src/components/layout/Header.tsx
2:11  Warning: Unexpected any. Specify a different type.  @typescript-eslint/no-explicit-any

./src/components/layout/Sidebar.tsx
2:11  Warning: Unexpected any. Specify a different type.  @typescript-eslint/no-explicit-any
16:40  Warning: Unexpected any. Specify a different type.  @typescript-eslint/no-explicit-any

./src/lib/navigation.ts
7:14  Warning: Unexpected any. Specify a different type.  @typescript-eslint/no-explicit-any
8:19  Warning: Unexpected any. Specify a different type.  @typescript-eslint/no-explicit-any
9:18  Warning: Unexpected any. Specify a different type.  @typescript-eslint/no-explicit-any
10:16  Warning: Unexpected any. Specify a different type.  @typescript-eslint/no-explicit-any
33:44  Warning: Unexpected any. Specify a different type.  @typescript-eslint/no-explicit-any
53:46  Warning: Unexpected any. Specify a different type.  @typescript-eslint/no-explicit-any

./src/seed/navigation.ts
26:45  Warning: Unexpected any. Specify a different type.  @typescript-eslint/no-explicit-any
27:46  Warning: Unexpected any. Specify a different type.  @typescript-eslint/no-explicit-any
28:48  Warning: Unexpected any. Specify a different type.  @typescript-eslint/no-explicit-any
158:44  Warning: Unexpected any. Specify a different type.  @typescript-eslint/no-explicit-any
162:44  Warning: Unexpected any. Specify a different type.  @typescript-eslint/no-explicit-any

./src/seed/pages.ts
179:76  Warning: Unexpected any. Specify a different type.  @typescript-eslint/no-explicit-any
180:52  Warning: Unexpected any. Specify a different type.  @typescript-eslint/no-explicit-any
194:67  Warning: Unexpected any. Specify a different type.  @typescript-eslint/no-explicit-any

info  - Need to disable some ESLint rules? Learn more here: https://nextjs.org/docs/app/api-reference/config/eslint#disabling-rules
Failed to compile.

./src/collections/Voiceovers.ts:15:5
Type error: Object literal may only specify known properties, and 'listDepth' does not exist in type 'CollectionAdminOptions'.

[0m [90m 13 |[39m     }[33m,[39m[0m
[0m [90m 14 |[39m     [90m// Try to populate relationships in list view[39m[0m
[0m[31m[1m>[22m[39m[90m 15 |[39m     listDepth[33m:[39m [35m1[39m[33m,[39m[0m
[0m [90m    |[39m     [31m[1m^[22m[39m[0m
[0m [90m 16 |[39m   }[33m,[39m[0m
[0m [90m 17 |[39m   access[33m:[39m {[0m
[0m [90m 18 |[39m     read[33m:[39m () [33m=>[39m [36mtrue[39m[33m,[39m[0m
Next.js build worker exited with code: 1 and signal: null
